=== Meditation Session: Tue Feb 24 02:30:01 AM CST 2026 ===
No diary found for today. Skipping meditation.
=== Meditation Session: Wed Feb 25 02:30:01 AM CST 2026 ===
No diary found for today. Skipping meditation.
=== Meditation Session: Thu Feb 26 02:30:01 AM CST 2026 ===
No diary found for today. Skipping meditation.
=== Meditation Session: Fri Feb 27 02:30:01 AM CST 2026 ===
No diary found for today. Skipping meditation.
=== Meditation Session: Sat Feb 28 02:30:01 AM CST 2026 ===
No diary found for today. Skipping meditation.
=== Meditation Session: Sun Mar  1 02:30:01 AM CST 2026 ===
No diary found for today. Skipping meditation.
=== Meditation Session: Mon Mar  2 02:30:01 AM CST 2026 ===
No diary found for today. Skipping meditation.
=== Meditation Session: Tue Mar  3 02:30:01 AM CST 2026 ===
No diary found for today. Skipping meditation.
=== Meditation Session: Wed Mar  4 02:30:01 AM CST 2026 ===
No diary found for today. Skipping meditation.
=== Meditation Session: Thu Mar  5 02:30:01 AM CST 2026 ===
No diary found for today. Skipping meditation.
=== Meditation Session: Fri Mar  6 02:30:01 AM CST 2026 ===
No diary found for today. Skipping meditation.
